version https://git-lfs.github.com/spec/v1
oid sha256:e9d65b9f31f8a7c2473d32cb600c843c570e872cfc10de71632c960407e7fd03
size 7543004
